[0.017s][info][gc] Using Serial
[5.551s][info][gc] GC(0) Pause Young (Allocation Failure) 26M->7M(96M) 24.863ms
[5.647s][info][gc] GC(1) Pause Young (Allocation Failure) 34M->14M(96M) 31.211ms
[5.709s][info][gc] GC(2) Pause Young (Allocation Failure) 41M->22M(96M) 29.589ms
[5.768s][info][gc] GC(3) Pause Young (Allocation Failure) 49M->30M(96M) 28.096ms
[5.818s][info][gc] GC(4) Pause Young (Allocation Failure) 57M->38M(96M) 27.186ms
[19.608s][info][gc] GC(5) Pause Young (Allocation Failure) 65M->43M(96M) 22.423ms
[19.661s][info][gc] GC(6) Pause Young (Allocation Failure) 70M->51M(96M) 32.463ms
[19.713s][info][gc] GC(7) Pause Young (Allocation Failure) 78M->59M(96M) 34.687ms
[19.763s][info][gc] GC(8) Pause Young (Allocation Failure) 86M->67M(96M) 33.724ms
